// Jest Snapshot v1, https://goo.gl/fbAQLP

exports[`Snapshot suite should change tab on click 1`] = `
<div
  data-test="section-content"
>
  <p>
    Enzyme is a JavaScript Testing utility for React that makes it easier to test your React Components output. You can also manipulate, traverse, and in some ways simulate runtime given the output.
  </p>
  <p>
    Enzyme API is meant to be intuitive and flexible by mimicking jQuery API for DOM manipulation and traversal.
  </p>
</div>
`;
